mode: set
github.com/vigmi/backend-challenge-go/internal/application/usecase/idempotency.go:25.2,36.1 4 1
github.com/vigmi/backend-challenge-go/internal/application/usecase/idempotency.go:39.2,40.1 4 1
github.com/vigmi/backend-challenge-go/internal/application/usecase/idempotency.go:41.2,43.1 4 1
github.com/vigmi/backend-challenge-go/internal/application/usecase/open_wallet.go:41.2,42.1 1 1
github.com/vigmi/backend-challenge-go/internal/application/usecase/open_wallet.go:51.2,52.16 2 1
github.com/vigmi/backend-challenge-go/internal/application/usecase/open_wallet.go:53.3,54.1 1 1
github.com/vigmi/backend-challenge-go/internal/application/usecase/open_wallet.go:56.2,57.16 2 1
github.com/vigmi/backend-challenge-go/internal/application/usecase/open_wallet.go:58.3,59.1 1 1
github.com/vigmi/backend-challenge-go/internal/application/usecase/open_wallet.go:60.2,60.33 1 1
github.com/vigmi/backend-challenge-go/internal/application/usecase/open_wallet.go:61.3,63.1 1 1
github.com/vigmi/backend-challenge-go/internal/application/usecase/open_wallet.go:65.2,66.16 2 1
github.com/vigmi/backend-challenge-go/internal/application/usecase/open_wallet.go:67.3,68.1 1 1
github.com/vigmi/backend-challenge-go/internal/application/usecase/open_wallet.go:70.2,72.16 3 1
github.com/vigmi/backend-challenge-go/internal/application/usecase/open_wallet.go:73.3,74.1 1 1
github.com/vigmi/backend-challenge-go/internal/application/usecase/open_wallet.go:76.2,76.99 1 1
github.com/vigmi/backend-challenge-go/internal/application/usecase/open_wallet.go:77.3,77.68 1 1
github.com/vigmi/backend-challenge-go/internal/application/usecase/open_wallet.go:78.4,78.40 1 1
github.com/vigmi/backend-challenge-go/internal/application/usecase/open_wallet.go:79.5,82.1 1 1
github.com/vigmi/backend-challenge-go/internal/application/usecase/open_wallet.go:83.4,83.14 1 1
github.com/vigmi/backend-challenge-go/internal/application/usecase/open_wallet.go:86.3,86.30 1 1
github.com/vigmi/backend-challenge-go/internal/application/usecase/open_wallet.go:87.4,88.1 1 1
github.com/vigmi/backend-challenge-go/internal/application/usecase/open_wallet.go:89.3,89.53 1 1
github.com/vigmi/backend-challenge-go/internal/application/usecase/open_wallet.go:91.2,91.16 1 1
github.com/vigmi/backend-challenge-go/internal/application/usecase/open_wallet.go:92.3,93.1 1 1
github.com/vigmi/backend-challenge-go/internal/application/usecase/open_wallet.go:95.2,95.46 1 1
github.com/vigmi/backend-challenge-go/internal/application/usecase/open_wallet.go:105.2,106.16 2 1
github.com/vigmi/backend-challenge-go/internal/application/usecase/open_wallet.go:107.3,108.1 1 1
github.com/vigmi/backend-challenge-go/internal/application/usecase/open_wallet.go:110.2,117.16 2 1
github.com/vigmi/backend-challenge-go/internal/application/usecase/open_wallet.go:118.3,119.1 1 1
github.com/vigmi/backend-challenge-go/internal/application/usecase/open_wallet.go:120.2,123.37 1 1
github.com/vigmi/backend-challenge-go/internal/application/usecase/open_wallet.go:124.3,125.1 1 0
github.com/vigmi/backend-challenge-go/internal/application/usecase/open_wallet.go:126.2,126.73 1 1
github.com/vigmi/backend-challenge-go/internal/application/usecase/open_wallet.go:127.3,128.1 1 1
github.com/vigmi/backend-challenge-go/internal/application/usecase/open_wallet.go:130.2,131.16 2 1
github.com/vigmi/backend-challenge-go/internal/application/usecase/open_wallet.go:132.3,133.1 1 1
github.com/vigmi/backend-challenge-go/internal/application/usecase/open_wallet.go:134.2,141.16 2 1
github.com/vigmi/backend-challenge-go/internal/application/usecase/open_wallet.go:142.3,143.1 1 0
github.com/vigmi/backend-challenge-go/internal/application/usecase/open_wallet.go:144.2,144.49 1 1
github.com/vigmi/backend-challenge-go/internal/application/usecase/process_transaction.go:55.2,56.1 1 1
github.com/vigmi/backend-challenge-go/internal/application/usecase/process_transaction.go:78.2,79.16 2 1
github.com/vigmi/backend-challenge-go/internal/application/usecase/process_transaction.go:80.3,81.1 1 1
github.com/vigmi/backend-challenge-go/internal/application/usecase/process_transaction.go:83.2,84.99 2 1
github.com/vigmi/backend-challenge-go/internal/application/usecase/process_transaction.go:85.3,86.17 2 1
github.com/vigmi/backend-challenge-go/internal/application/usecase/process_transaction.go:87.4,88.1 1 1
github.com/vigmi/backend-challenge-go/internal/application/usecase/process_transaction.go:90.3,91.17 2 1
github.com/vigmi/backend-challenge-go/internal/application/usecase/process_transaction.go:92.4,93.1 1 1
github.com/vigmi/backend-challenge-go/internal/application/usecase/process_transaction.go:94.3,94.12 1 1
github.com/vigmi/backend-challenge-go/internal/application/usecase/process_transaction.go:95.4,97.1 2 1
github.com/vigmi/backend-challenge-go/internal/application/usecase/process_transaction.go:99.3,100.13 2 1
github.com/vigmi/backend-challenge-go/internal/application/usecase/process_transaction.go:102.2,102.16 1 1
github.com/vigmi/backend-challenge-go/internal/application/usecase/process_transaction.go:103.3,104.1 1 1
github.com/vigmi/backend-challenge-go/internal/application/usecase/process_transaction.go:105.2,105.20 1 1
github.com/vigmi/backend-challenge-go/internal/application/usecase/process_transaction.go:109.2,109.34 1 1
github.com/vigmi/backend-challenge-go/internal/application/usecase/process_transaction.go:110.3,111.1 1 1
github.com/vigmi/backend-challenge-go/internal/application/usecase/process_transaction.go:112.2,112.30 1 1
github.com/vigmi/backend-challenge-go/internal/application/usecase/process_transaction.go:113.3,114.1 1 1
github.com/vigmi/backend-challenge-go/internal/application/usecase/process_transaction.go:115.2,115.41 1 1
github.com/vigmi/backend-challenge-go/internal/application/usecase/process_transaction.go:116.3,117.1 1 1
github.com/vigmi/backend-challenge-go/internal/application/usecase/process_transaction.go:119.2,120.16 2 1
github.com/vigmi/backend-challenge-go/internal/application/usecase/process_transaction.go:121.3,122.1 1 1
github.com/vigmi/backend-challenge-go/internal/application/usecase/process_transaction.go:123.2,124.16 2 1
github.com/vigmi/backend-challenge-go/internal/application/usecase/process_transaction.go:125.3,126.1 1 1
github.com/vigmi/backend-challenge-go/internal/application/usecase/process_transaction.go:127.2,128.16 2 1
github.com/vigmi/backend-challenge-go/internal/application/usecase/process_transaction.go:129.3,130.1 1 1
github.com/vigmi/backend-challenge-go/internal/application/usecase/process_transaction.go:131.2,132.16 2 1
github.com/vigmi/backend-challenge-go/internal/application/usecase/process_transaction.go:133.3,134.1 1 1
github.com/vigmi/backend-challenge-go/internal/application/usecase/process_transaction.go:135.2,135.52 1 1
github.com/vigmi/backend-challenge-go/internal/application/usecase/process_transaction.go:136.3,137.1 1 1
github.com/vigmi/backend-challenge-go/internal/application/usecase/process_transaction.go:138.2,138.87 1 1
github.com/vigmi/backend-challenge-go/internal/application/usecase/process_transaction.go:139.3,140.1 1 1
github.com/vigmi/backend-challenge-go/internal/application/usecase/process_transaction.go:142.2,149.8 1 1
github.com/vigmi/backend-challenge-go/internal/application/usecase/process_transaction.go:158.2,159.1 3 1
github.com/vigmi/backend-challenge-go/internal/application/usecase/process_transaction.go:160.2,161.9 3 1
github.com/vigmi/backend-challenge-go/internal/application/usecase/process_transaction.go:163.3,163.44 1 1
github.com/vigmi/backend-challenge-go/internal/application/usecase/process_transaction.go:164.4,166.1 1 1
github.com/vigmi/backend-challenge-go/internal/application/usecase/process_transaction.go:167.3,167.39 1 1
github.com/vigmi/backend-challenge-go/internal/application/usecase/process_transaction.go:169.3,169.41 1 1
github.com/vigmi/backend-challenge-go/internal/application/usecase/process_transaction.go:174.2,175.9 2 1
github.com/vigmi/backend-challenge-go/internal/application/usecase/process_transaction.go:177.3,179.94 1 1
github.com/vigmi/backend-challenge-go/internal/application/usecase/process_transaction.go:181.3,181.41 1 1
github.com/vigmi/backend-challenge-go/internal/application/usecase/process_transaction.go:184.2,184.40 1 1
github.com/vigmi/backend-challenge-go/internal/application/usecase/process_transaction.go:193.2,198.1 2 1
github.com/vigmi/backend-challenge-go/internal/application/usecase/process_transaction.go:199.2,199.44 2 1
github.com/vigmi/backend-challenge-go/internal/application/usecase/process_transaction.go:200.3,202.1 2 1
github.com/vigmi/backend-challenge-go/internal/application/usecase/process_transaction.go:203.2,203.15 1 1
github.com/vigmi/backend-challenge-go/internal/application/usecase/process_transaction.go:212.2,213.16 2 1
github.com/vigmi/backend-challenge-go/internal/application/usecase/process_transaction.go:214.3,215.1 1 1
github.com/vigmi/backend-challenge-go/internal/application/usecase/process_transaction.go:217.2,233.16 3 1
github.com/vigmi/backend-challenge-go/internal/application/usecase/process_transaction.go:234.3,235.1 1 1
github.com/vigmi/backend-challenge-go/internal/application/usecase/process_transaction.go:237.2,237.47 1 1
github.com/vigmi/backend-challenge-go/internal/application/usecase/process_transaction.go:238.3,239.1 1 1
github.com/vigmi/backend-challenge-go/internal/application/usecase/process_transaction.go:240.2,240.51 1 1
github.com/vigmi/backend-challenge-go/internal/application/usecase/process_transaction.go:241.3,242.1 1 1
github.com/vigmi/backend-challenge-go/internal/application/usecase/process_transaction.go:244.2,244.30 1 1
github.com/vigmi/backend-challenge-go/internal/application/usecase/process_transaction.go:245.3,246.1 1 1
github.com/vigmi/backend-challenge-go/internal/application/usecase/process_transaction.go:247.2,247.76 1 1
github.com/vigmi/backend-challenge-go/internal/application/usecase/process_transaction.go:259.2,259.21 1 1
github.com/vigmi/backend-challenge-go/internal/application/usecase/process_transaction.go:261.3,261.91 1 1
github.com/vigmi/backend-challenge-go/internal/application/usecase/process_transaction.go:263.3,263.92 1 1
github.com/vigmi/backend-challenge-go/internal/application/usecase/process_transaction.go:266.3,266.69 1 1
github.com/vigmi/backend-challenge-go/internal/application/usecase/process_transaction.go:280.2,282.16 2 1
github.com/vigmi/backend-challenge-go/internal/application/usecase/process_transaction.go:283.3,283.39 1 1
github.com/vigmi/backend-challenge-go/internal/application/usecase/process_transaction.go:286.4,287.1 1 1
github.com/vigmi/backend-challenge-go/internal/application/usecase/process_transaction.go:288.3,288.34 1 0
github.com/vigmi/backend-challenge-go/internal/application/usecase/process_transaction.go:292.2,292.38 1 1
github.com/vigmi/backend-challenge-go/internal/application/usecase/process_transaction.go:293.3,294.1 1 1
github.com/vigmi/backend-challenge-go/internal/application/usecase/process_transaction.go:295.2,295.58 1 1
github.com/vigmi/backend-challenge-go/internal/application/usecase/process_transaction.go:296.3,297.1 1 1
github.com/vigmi/backend-challenge-go/internal/application/usecase/process_transaction.go:301.2,302.16 2 1
github.com/vigmi/backend-challenge-go/internal/application/usecase/process_transaction.go:303.3,304.1 1 1
github.com/vigmi/backend-challenge-go/internal/application/usecase/process_transaction.go:305.2,305.14 1 1
github.com/vigmi/backend-challenge-go/internal/application/usecase/process_transaction.go:306.3,307.1 1 1
github.com/vigmi/backend-challenge-go/internal/application/usecase/process_transaction.go:309.2,309.74 1 1
github.com/vigmi/backend-challenge-go/internal/application/usecase/process_transaction.go:310.3,311.1 1 1
github.com/vigmi/backend-challenge-go/internal/application/usecase/process_transaction.go:313.2,314.38 2 1
github.com/vigmi/backend-challenge-go/internal/application/usecase/process_transaction.go:316.3,317.1 1 1
github.com/vigmi/backend-challenge-go/internal/application/usecase/process_transaction.go:318.2,318.87 1 1
github.com/vigmi/backend-challenge-go/internal/application/usecase/process_transaction.go:323.2,323.46 1 1
github.com/vigmi/backend-challenge-go/internal/application/usecase/process_transaction.go:324.3,325.1 1 1
github.com/vigmi/backend-challenge-go/internal/application/usecase/process_transaction.go:326.2,326.57 1 1
github.com/vigmi/backend-challenge-go/internal/application/usecase/process_transaction.go:327.3,328.1 1 1
github.com/vigmi/backend-challenge-go/internal/application/usecase/process_transaction.go:331.2,334.44 1 1
github.com/vigmi/backend-challenge-go/internal/application/usecase/process_transaction.go:335.3,336.1 1 1
github.com/vigmi/backend-challenge-go/internal/application/usecase/process_transaction.go:337.2,337.18 1 1
github.com/vigmi/backend-challenge-go/internal/application/usecase/process_transaction.go:343.2,343.33 1 1
github.com/vigmi/backend-challenge-go/internal/application/usecase/process_transaction.go:344.3,345.1 1 1
github.com/vigmi/backend-challenge-go/internal/application/usecase/process_transaction.go:346.2,346.98 1 1
github.com/vigmi/backend-challenge-go/internal/application/usecase/process_transaction.go:359.2,363.32 2 1
github.com/vigmi/backend-challenge-go/internal/application/usecase/process_transaction.go:364.3,365.1 1 1
github.com/vigmi/backend-challenge-go/internal/application/usecase/process_transaction.go:366.3,367.1 1 1
github.com/vigmi/backend-challenge-go/internal/application/usecase/process_transaction.go:368.2,368.16 1 1
github.com/vigmi/backend-challenge-go/internal/application/usecase/process_transaction.go:369.3,369.50 1 1
github.com/vigmi/backend-challenge-go/internal/application/usecase/process_transaction.go:370.4,371.1 1 1
github.com/vigmi/backend-challenge-go/internal/application/usecase/process_transaction.go:372.3,372.34 1 1
github.com/vigmi/backend-challenge-go/internal/application/usecase/process_transaction.go:375.2,378.9 1 1
github.com/vigmi/backend-challenge-go/internal/application/usecase/process_transaction.go:384.2,384.23 1 1
github.com/vigmi/backend-challenge-go/internal/application/usecase/process_transaction.go:385.3,386.1 1 1
github.com/vigmi/backend-challenge-go/internal/application/usecase/process_transaction.go:387.2,387.42 1 1
github.com/vigmi/backend-challenge-go/internal/application/usecase/process_transaction.go:406.2,409.22 1 1
github.com/vigmi/backend-challenge-go/internal/application/usecase/process_transaction.go:410.3,411.1 1 1
github.com/vigmi/backend-challenge-go/internal/application/usecase/process_transaction.go:412.2,412.77 1 1
github.com/vigmi/backend-challenge-go/internal/application/usecase/process_transaction.go:413.3,414.1 1 1
github.com/vigmi/backend-challenge-go/internal/application/usecase/process_transaction.go:416.2,416.20 1 1
github.com/vigmi/backend-challenge-go/internal/application/usecase/process_transaction.go:417.3,418.17 2 1
github.com/vigmi/backend-challenge-go/internal/application/usecase/process_transaction.go:419.4,420.1 1 1
github.com/vigmi/backend-challenge-go/internal/application/usecase/process_transaction.go:421.3,424.17 2 1
github.com/vigmi/backend-challenge-go/internal/application/usecase/process_transaction.go:425.4,426.1 1 1
github.com/vigmi/backend-challenge-go/internal/application/usecase/process_transaction.go:427.3,427.66 1 1
github.com/vigmi/backend-challenge-go/internal/application/usecase/process_transaction.go:428.4,429.1 1 1
github.com/vigmi/backend-challenge-go/internal/application/usecase/process_transaction.go:430.3,430.75 1 1
github.com/vigmi/backend-challenge-go/internal/application/usecase/process_transaction.go:431.4,432.1 1 1
github.com/vigmi/backend-challenge-go/internal/application/usecase/process_transaction.go:435.2,440.8 1 1
github.com/vigmi/backend-challenge-go/internal/application/usecase/process_transaction.go:454.2,454.54 1 1
github.com/vigmi/backend-challenge-go/internal/application/usecase/process_transaction.go:455.3,456.1 1 1
github.com/vigmi/backend-challenge-go/internal/application/usecase/process_transaction.go:457.2,457.77 1 1
github.com/vigmi/backend-challenge-go/internal/application/usecase/process_transaction.go:458.3,459.1 1 1
github.com/vigmi/backend-challenge-go/internal/application/usecase/process_transaction.go:461.2,465.8 1 1
github.com/vigmi/backend-challenge-go/internal/application/usecase/process_transaction.go:475.2,475.62 1 1
github.com/vigmi/backend-challenge-go/internal/application/usecase/process_transaction.go:476.3,477.1 1 1
github.com/vigmi/backend-challenge-go/internal/application/usecase/process_transaction.go:478.2,478.77 1 1
github.com/vigmi/backend-challenge-go/internal/application/usecase/process_transaction.go:479.3,480.1 1 1
github.com/vigmi/backend-challenge-go/internal/application/usecase/process_transaction.go:482.2,485.8 1 1
github.com/vigmi/backend-challenge-go/internal/application/usecase/reconcile_wallet.go:29.2,30.1 1 1
github.com/vigmi/backend-challenge-go/internal/application/usecase/reconcile_wallet.go:41.2,42.1 2 1
github.com/vigmi/backend-challenge-go/internal/application/usecase/reconcile_wallet.go:43.2,43.108 2 1
github.com/vigmi/backend-challenge-go/internal/application/usecase/reconcile_wallet.go:44.3,45.17 2 1
github.com/vigmi/backend-challenge-go/internal/application/usecase/reconcile_wallet.go:46.4,47.1 1 1
github.com/vigmi/backend-challenge-go/internal/application/usecase/reconcile_wallet.go:49.3,50.17 2 1
github.com/vigmi/backend-challenge-go/internal/application/usecase/reconcile_wallet.go:51.4,52.1 1 1
github.com/vigmi/backend-challenge-go/internal/application/usecase/reconcile_wallet.go:55.3,55.19 1 1
github.com/vigmi/backend-challenge-go/internal/application/usecase/reconcile_wallet.go:56.4,57.1 1 1
github.com/vigmi/backend-challenge-go/internal/application/usecase/reconcile_wallet.go:59.3,60.17 2 1
github.com/vigmi/backend-challenge-go/internal/application/usecase/reconcile_wallet.go:61.4,62.1 1 1
github.com/vigmi/backend-challenge-go/internal/application/usecase/reconcile_wallet.go:64.3,71.1 2 1
github.com/vigmi/backend-challenge-go/internal/application/usecase/reconcile_wallet.go:72.3,72.13 2 1
github.com/vigmi/backend-challenge-go/internal/application/usecase/reconcile_wallet.go:74.2,74.16 1 1
github.com/vigmi/backend-challenge-go/internal/application/usecase/reconcile_wallet.go:75.3,76.1 1 1
github.com/vigmi/backend-challenge-go/internal/application/usecase/reconcile_wallet.go:77.2,77.20 1 1
